2025/02/18 19:03:54 ファイルに書き込む
